../Core/Src/main.cpp:83:5:int main()	72	static
../Core/Src/main.cpp:169:6:void SystemClock_Config()	88	static
../Core/Src/main.cpp:219:13:void MX_ADC1_Init()	24	static
../Core/Src/main.cpp:271:13:void MX_ADC2_Init()	24	static
../Core/Src/main.cpp:323:13:void MX_TIM3_Init()	64	static
../Core/Src/main.cpp:382:13:void MX_USART3_UART_Init()	8	static
../Core/Src/main.cpp:417:13:void MX_USB_OTG_FS_PCD_Init()	8	static
../Core/Src/main.cpp:452:13:void MX_GPIO_Init()	56	static
../Core/Src/main.cpp:556:6:void StartDefaultTask(const void*)	16	static
../Core/Src/main.cpp:575:6:void HAL_TIM_PeriodElapsedCallback(TIM_HandleTypeDef*)	16	static
../Core/Src/main.cpp:592:6:void Error_Handler()	4	static,ignoring_inline_asm
